
There are no discarded input sections

Memory Configuration

Name             Origin             Length             Attributes
*default*        0x0000000000000000 0xffffffffffffffff

Linker script and memory map

Address of section .init set to 0x80000

.init           0x0000000000080000       0x18
 *(.init)
 .init          0x0000000000080000       0x18 boot.o
                0x0000000000080000                _start

.text           0x0000000000080018      0x120
 *(.text*)
 .text          0x0000000000080018       0x28 kernel.o
                0x0000000000080018                main
 .text          0x0000000000080040       0x90 led.o
                0x0000000000080040                LED_off
                0x0000000000080088                LED_on
 .text          0x00000000000800d0       0x3c time.o
                0x00000000000800d0                wait
 .text          0x000000000008010c        0x0 boot.o
 .text          0x000000000008010c        0x4 sysinit.o
                0x000000000008010c                sysinit
 .text          0x0000000000080110       0x28 util.o
                0x0000000000080110                write32
                0x0000000000080124                read32
                0x0000000000080138                _etext = .

.iplt           0x0000000000080138        0x0
 .iplt          0x0000000000080138        0x0 kernel.o

.rela.dyn       0x0000000000080138        0x0
 .rela.iplt     0x0000000000080138        0x0 kernel.o

.rodata
 *(.rodata*)

.init_array     0x0000000000080138        0x0
                0x0000000000080138                __init_start = .
 *(.init_array*)
                0x0000000000080138                __init_end = .

.ARM.exidx      0x0000000000080138        0x0
                0x0000000000080138                __exidx_start = .
 *(.ARM.exidx*)
                0x0000000000080138                __exidx_end = .

.eh_frame
 *(.eh_frame*)

.data           0x0000000000080138        0x0
 *(.data*)
 .data          0x0000000000080138        0x0 kernel.o
 .data          0x0000000000080138        0x0 led.o
 .data          0x0000000000080138        0x0 time.o
 .data          0x0000000000080138        0x0 boot.o
 .data          0x0000000000080138        0x0 sysinit.o
 .data          0x0000000000080138        0x0 util.o

.igot.plt       0x0000000000080138        0x0
 .igot.plt      0x0000000000080138        0x0 kernel.o

.bss            0x0000000000080138        0x0
                0x0000000000080138                __bss_start = .
 *(.bss*)
 .bss           0x0000000000080138        0x0 kernel.o
 .bss           0x0000000000080138        0x0 led.o
 .bss           0x0000000000080138        0x0 time.o
 .bss           0x0000000000080138        0x0 boot.o
 .bss           0x0000000000080138        0x0 sysinit.o
 .bss           0x0000000000080138        0x0 util.o
 *(COMMON)
                0x0000000000080138                __bss_end = .
                0x0000000000000000                __bss_size = ((__bss_end - __bss_start) >> 0x3)
LOAD kernel.o
LOAD led.o
LOAD time.o
LOAD boot.o
LOAD sysinit.o
LOAD util.o
OUTPUT(kernel_2712.elf elf64-littleaarch64)
LOAD linker stubs

.debug_info     0x0000000000000000      0x2e7
 .debug_info    0x0000000000000000       0xb6 kernel.o
 .debug_info    0x00000000000000b6      0x103 led.o
 .debug_info    0x00000000000001b9       0xb6 time.o
 .debug_info    0x000000000000026f       0x28 boot.o
 .debug_info    0x0000000000000297       0x28 sysinit.o
 .debug_info    0x00000000000002bf       0x28 util.o

.debug_abbrev   0x0000000000000000      0x1f1
 .debug_abbrev  0x0000000000000000       0x85 kernel.o
 .debug_abbrev  0x0000000000000085       0xb5 led.o
 .debug_abbrev  0x000000000000013a       0x7b time.o
 .debug_abbrev  0x00000000000001b5       0x14 boot.o
 .debug_abbrev  0x00000000000001c9       0x14 sysinit.o
 .debug_abbrev  0x00000000000001dd       0x14 util.o

.debug_aranges  0x0000000000000000      0x120
 .debug_aranges
                0x0000000000000000       0x30 kernel.o
 .debug_aranges
                0x0000000000000030       0x30 led.o
 .debug_aranges
                0x0000000000000060       0x30 time.o
 .debug_aranges
                0x0000000000000090       0x30 boot.o
 .debug_aranges
                0x00000000000000c0       0x30 sysinit.o
 .debug_aranges
                0x00000000000000f0       0x30 util.o

.debug_line     0x0000000000000000      0x22c
 .debug_line    0x0000000000000000       0x69 kernel.o
 .debug_line    0x0000000000000069       0x72 led.o
 .debug_line    0x00000000000000db       0x6b time.o
 .debug_line    0x0000000000000146       0x4b boot.o
 .debug_line    0x0000000000000191       0x49 sysinit.o
 .debug_line    0x00000000000001da       0x52 util.o

.debug_str      0x0000000000000000      0x12d
 .debug_str     0x0000000000000000      0x12d kernel.o
                                         0xf5 (size before relaxing)
 .debug_str     0x000000000000012d       0xfa led.o
 .debug_str     0x000000000000012d       0xe8 time.o
 .debug_str     0x000000000000012d       0x2f boot.o
 .debug_str     0x000000000000012d       0x32 sysinit.o
 .debug_str     0x000000000000012d       0x2f util.o

.debug_line_str
                0x0000000000000000       0x6e
 .debug_line_str
                0x0000000000000000       0x6e kernel.o
 .debug_line_str
                0x000000000000006e       0x5f led.o
 .debug_line_str
                0x000000000000006e       0x5b time.o
 .debug_line_str
                0x000000000000006e       0x21 boot.o
 .debug_line_str
                0x000000000000006e       0x24 sysinit.o
 .debug_line_str
                0x000000000000006e       0x21 util.o

.comment        0x0000000000000000       0x45
 .comment       0x0000000000000000       0x45 kernel.o
                                         0x46 (size before relaxing)
 .comment       0x0000000000000045       0x46 led.o
 .comment       0x0000000000000045       0x46 time.o

.debug_frame    0x0000000000000000       0xc0
 .debug_frame   0x0000000000000000       0x30 kernel.o
 .debug_frame   0x0000000000000030       0x60 led.o
 .debug_frame   0x0000000000000090       0x30 time.o
