
Merging program properties


Discarded input sections

 .note.gnu.property
                0x0000000000000000        0x0 build/utils.o

Memory Configuration

Name             Origin             Length             Attributes
*default*        0x0000000000000000 0xffffffffffffffff

Linker script and memory map

Address of section .init set to 0x80000

.init           0x0000000000080000       0x18
 *(.init)
 .init          0x0000000000080000       0x18 build/boot.o
                0x0000000000080000                _start

.text           0x0000000000080018      0x148
 *(.text*)
 .text          0x0000000000080018       0xb8 build/drivers/internalLED.o
                0x0000000000080018                stat_led_init
                0x0000000000080020                stat_led_off
                0x0000000000080078                stat_led_on
 .text          0x00000000000800d0       0x68 build/main.o
                0x00000000000800d0                kmain
 .text          0x0000000000080138        0x4 build/sysinit.o
                0x0000000000080138                sysinit
 .text          0x000000000008013c        0x0 build/boot.o
 .text          0x000000000008013c       0x24 build/utils.o
                0x000000000008013c                write32
                0x0000000000080150                read32
                0x0000000000080160                _etext = .

.iplt           0x0000000000080160        0x0
 .iplt          0x0000000000080160        0x0 build/drivers/internalLED.o

.rela.dyn       0x0000000000080160        0x0
 .rela.iplt     0x0000000000080160        0x0 build/drivers/internalLED.o

.rodata
 *(.rodata*)

.data           0x0000000000080160        0x0
 *(.data*)
 .data          0x0000000000080160        0x0 build/drivers/internalLED.o
 .data          0x0000000000080160        0x0 build/main.o
 .data          0x0000000000080160        0x0 build/sysinit.o
 .data          0x0000000000080160        0x0 build/boot.o
 .data          0x0000000000080160        0x0 build/utils.o

.igot.plt       0x0000000000080160        0x0
 .igot.plt      0x0000000000080160        0x0 build/drivers/internalLED.o

.bss            0x0000000000080160        0x0
                0x0000000000080160                __bss_start = .
 *(.bss*)
 .bss           0x0000000000080160        0x0 build/drivers/internalLED.o
 .bss           0x0000000000080160        0x0 build/main.o
 .bss           0x0000000000080160        0x0 build/sysinit.o
 .bss           0x0000000000080160        0x0 build/boot.o
 .bss           0x0000000000080160        0x0 build/utils.o
 *(COMMON)
                0x0000000000080160                __bss_end = .
                0x0000000000000000                __bss_size = ((__bss_end - __bss_start) >> 0x3)
LOAD build/drivers/internalLED.o
LOAD build/main.o
LOAD build/sysinit.o
LOAD build/boot.o
LOAD build/utils.o
OUTPUT(build/kernel.elf elf64-littleaarch64)
LOAD linker stubs

.debug_info     0x0000000000000000      0x265
 .debug_info    0x0000000000000000      0x116 build/drivers/internalLED.o
 .debug_info    0x0000000000000116       0xd7 build/main.o
 .debug_info    0x00000000000001ed       0x28 build/sysinit.o
 .debug_info    0x0000000000000215       0x28 build/boot.o
 .debug_info    0x000000000000023d       0x28 build/utils.o

.debug_abbrev   0x0000000000000000      0x17c
 .debug_abbrev  0x0000000000000000       0xb7 build/drivers/internalLED.o
 .debug_abbrev  0x00000000000000b7       0x89 build/main.o
 .debug_abbrev  0x0000000000000140       0x14 build/sysinit.o
 .debug_abbrev  0x0000000000000154       0x14 build/boot.o
 .debug_abbrev  0x0000000000000168       0x14 build/utils.o

.debug_aranges  0x0000000000000000       0xf0
 .debug_aranges
                0x0000000000000000       0x30 build/drivers/internalLED.o
 .debug_aranges
                0x0000000000000030       0x30 build/main.o
 .debug_aranges
                0x0000000000000060       0x30 build/sysinit.o
 .debug_aranges
                0x0000000000000090       0x30 build/boot.o
 .debug_aranges
                0x00000000000000c0       0x30 build/utils.o

.debug_line     0x0000000000000000      0x1f6
 .debug_line    0x0000000000000000       0x81 build/drivers/internalLED.o
 .debug_line    0x0000000000000081       0x8a build/main.o
 .debug_line    0x000000000000010b       0x4b build/sysinit.o
 .debug_line    0x0000000000000156       0x4d build/boot.o
 .debug_line    0x00000000000001a3       0x53 build/utils.o

.debug_str      0x0000000000000000      0x14c
 .debug_str     0x0000000000000000      0x14c build/drivers/internalLED.o
                                        0x10d (size before relaxing)
 .debug_str     0x000000000000014c      0x104 build/main.o
 .debug_str     0x000000000000014c       0x3b build/sysinit.o
 .debug_str     0x000000000000014c       0x38 build/boot.o
 .debug_str     0x000000000000014c       0x39 build/utils.o

.debug_line_str
                0x0000000000000000       0x93
 .debug_line_str
                0x0000000000000000       0x93 build/drivers/internalLED.o
                                         0x90 (size before relaxing)
 .debug_line_str
                0x0000000000000093       0x71 build/main.o
 .debug_line_str
                0x0000000000000093       0x2d build/sysinit.o
 .debug_line_str
                0x0000000000000093       0x2a build/boot.o
 .debug_line_str
                0x0000000000000093       0x2b build/utils.o

.comment        0x0000000000000000       0x46
 .comment       0x0000000000000000       0x46 build/drivers/internalLED.o
                                         0x47 (size before relaxing)
 .comment       0x0000000000000046       0x47 build/main.o

.debug_frame    0x0000000000000000       0xa8
 .debug_frame   0x0000000000000000       0x78 build/drivers/internalLED.o
 .debug_frame   0x0000000000000078       0x30 build/main.o
