
There are no discarded input sections

Memory Configuration

Name             Origin             Length             Attributes
*default*        0x0000000000000000 0xffffffffffffffff

Linker script and memory map

Address of section .init set to 0x80000

.init           0x0000000000080000       0x18
 *(.init)
 .init          0x0000000000080000       0x18 build/boot.o
                0x0000000000080000                _start

.text           0x0000000000080018       0xfc
 *(.text*)
 .text          0x0000000000080018       0x1c build/main.o
                0x0000000000080018                kmain
 .text          0x0000000000080034       0xb8 build/drivers/internalLED.o
                0x0000000000080034                stat_led_init
                0x000000000008003c                stat_led_off
                0x0000000000080094                stat_led_on
 .text          0x00000000000800ec       0x24 build/utils.o
                0x00000000000800ec                write32
                0x0000000000080100                read32
 .text          0x0000000000080110        0x0 build/boot.o
 .text          0x0000000000080110        0x4 build/sysinit.o
                0x0000000000080110                sysinit
                0x0000000000080114                _etext = .

.iplt           0x0000000000080114        0x0
 .iplt          0x0000000000080114        0x0 build/main.o

.rela.dyn       0x0000000000080118        0x0
 .rela.iplt     0x0000000000080118        0x0 build/main.o

.rodata
 *(.rodata*)

.data           0x0000000000080114        0x0
 *(.data*)
 .data          0x0000000000080114        0x0 build/main.o
 .data          0x0000000000080114        0x0 build/drivers/internalLED.o
 .data          0x0000000000080114        0x0 build/utils.o
 .data          0x0000000000080114        0x0 build/boot.o
 .data          0x0000000000080114        0x0 build/sysinit.o

.igot.plt       0x0000000000080118        0x0
 .igot.plt      0x0000000000080118        0x0 build/main.o

.bss            0x0000000000080114        0x0
                0x0000000000080114                __bss_start = .
 *(.bss*)
 .bss           0x0000000000080114        0x0 build/main.o
 .bss           0x0000000000080114        0x0 build/drivers/internalLED.o
 .bss           0x0000000000080114        0x0 build/utils.o
 .bss           0x0000000000080114        0x0 build/boot.o
 .bss           0x0000000000080114        0x0 build/sysinit.o
 *(COMMON)
                0x0000000000080114                __bss_end = .
                0x0000000000000000                __bss_size = ((__bss_end - __bss_start) >> 0x3)
LOAD build/main.o
LOAD build/drivers/internalLED.o
LOAD build/utils.o
LOAD build/boot.o
LOAD build/sysinit.o
OUTPUT(build/kernel.elf elf64-littleaarch64)
LOAD linker stubs

.debug_info     0x0000000000000000      0x221
 .debug_info    0x0000000000000000       0x93 build/main.o
 .debug_info    0x0000000000000093      0x116 build/drivers/internalLED.o
 .debug_info    0x00000000000001a9       0x28 build/utils.o
 .debug_info    0x00000000000001d1       0x28 build/boot.o
 .debug_info    0x00000000000001f9       0x28 build/sysinit.o

.debug_abbrev   0x0000000000000000      0x14e
 .debug_abbrev  0x0000000000000000       0x5b build/main.o
 .debug_abbrev  0x000000000000005b       0xb7 build/drivers/internalLED.o
 .debug_abbrev  0x0000000000000112       0x14 build/utils.o
 .debug_abbrev  0x0000000000000126       0x14 build/boot.o
 .debug_abbrev  0x000000000000013a       0x14 build/sysinit.o

.debug_aranges  0x0000000000000000       0xf0
 .debug_aranges
                0x0000000000000000       0x30 build/main.o
 .debug_aranges
                0x0000000000000030       0x30 build/drivers/internalLED.o
 .debug_aranges
                0x0000000000000060       0x30 build/utils.o
 .debug_aranges
                0x0000000000000090       0x30 build/boot.o
 .debug_aranges
                0x00000000000000c0       0x30 build/sysinit.o

.debug_line     0x0000000000000000      0x1ce
 .debug_line    0x0000000000000000       0x62 build/main.o
 .debug_line    0x0000000000000062       0x81 build/drivers/internalLED.o
 .debug_line    0x00000000000000e3       0x53 build/utils.o
 .debug_line    0x0000000000000136       0x4d build/boot.o
 .debug_line    0x0000000000000183       0x4b build/sysinit.o

.debug_str      0x0000000000000000      0x14c
 .debug_str     0x0000000000000000      0x14c build/main.o
                                        0x104 (size before relaxing)
 .debug_str     0x000000000000014c      0x10d build/drivers/internalLED.o
 .debug_str     0x000000000000014c       0x39 build/utils.o
 .debug_str     0x000000000000014c       0x38 build/boot.o
 .debug_str     0x000000000000014c       0x3b build/sysinit.o

.debug_line_str
                0x0000000000000000       0x93
 .debug_line_str
                0x0000000000000000       0x93 build/main.o
                                         0x71 (size before relaxing)
 .debug_line_str
                0x0000000000000093       0x90 build/drivers/internalLED.o
 .debug_line_str
                0x0000000000000093       0x2b build/utils.o
 .debug_line_str
                0x0000000000000093       0x2a build/boot.o
 .debug_line_str
                0x0000000000000093       0x2d build/sysinit.o

.comment        0x0000000000000000       0x45
 .comment       0x0000000000000000       0x45 build/main.o
                                         0x46 (size before relaxing)
 .comment       0x0000000000000045       0x46 build/drivers/internalLED.o

.debug_frame    0x0000000000000000       0xa8
 .debug_frame   0x0000000000000000       0x30 build/main.o
 .debug_frame   0x0000000000000030       0x78 build/drivers/internalLED.o
